---
source: tests/test_multivariant.rs
assertion_line: 515
expression: write_multivariant_playlist(&playlist)
---
#EXTM3U
#EXT-X-VERSION:10
#EXT-X-INDEPENDENT-SEGMENTS
#EXT-X-START:TIME-OFFSET=2.50000,PRECISE=YES
#EXT-X-DEFINE:NAME="host",VALUE="cdn.example.com"
#EXT-X-DEFINE:QUERYPARAM="token"
#EXT-X-CONTENT-STEERING:SERVER-URI="/steering.json",PATHWAY-ID="CDN-A"
#EXT-X-MEDIA:TYPE=AUDIO,GROUP-ID="audio",NAME="ja",URI="audio-ja.m3u8",LANGUAGE="ja",DEFAULT=YES,AUTOSELECT=YES,CHANNELS="2/JOC",BIT-DEPTH=24,SAMPLE-RATE=48000,STABLE-RENDITION-ID="audio-ja"
#EXT-X-MEDIA:TYPE=SUBTITLES,GROUP-ID="subs",NAME="ja",URI="sub-ja.m3u8",LANGUAGE="ja",AUTOSELECT=YES,FORCED=YES,CHARACTERISTICS="public.accessibility.transcribes-spoken-dialog",STABLE-RENDITION-ID="sub-ja"
#EXT-X-STREAM-INF:BANDWIDTH=1500000,AVERAGE-BANDWIDTH=1200000,CODECS="avc1.64001f,mp4a.40.2,wvtt",RESOLUTION=1280x720,FRAME-RATE=59.94000,HDCP-LEVEL=TYPE-0,ALLOWED-CPC="com.apple:ckc",VIDEO-RANGE=PQ,AUDIO="audio",SUBTITLES="subs",CLOSED-CAPTIONS=NONE,NAME="main",STABLE-VARIANT-ID="variant-main",PATHWAY-ID="CDN-A"
https://cdn.example.com/main.m3u8?token=abc 123
#EXT-X-I-FRAME-STREAM-INF:BANDWIDTH=350000,AVERAGE-BANDWIDTH=300000,CODECS="avc1.64001f",RESOLUTION=1280x720,HDCP-LEVEL=TYPE-0,VIDEO="video-main",PATHWAY-ID="CDN-A",URI="iframe.m3u8"
#EXT-X-SESSION-DATA:DATA-ID="com.example.title",VALUE="Example Title",LANGUAGE="ja"
#EXT-X-SESSION-KEY:METHOD=AES-128,URI="https://cdn.example.com/key.bin",IV=0x1,KEYFORMAT="identity",KEYFORMATVERSIONS="1"
