---
source: tests/test_media.rs
expression: write_media_playlist(&playlist)
---
#EXTM3U
#EXT-X-VERSION:10
#EXT-X-TARGETDURATION:4
#EXT-X-MEDIA-SEQUENCE:7
#EXT-X-DISCONTINUITY-SEQUENCE:3
#EXT-X-PLAYLIST-TYPE:EVENT
#EXT-X-INDEPENDENT-SEGMENTS
#EXT-X-START:TIME-OFFSET=1.50000,PRECISE=YES
#EXT-X-SERVER-CONTROL:CAN-SKIP-UNTIL=12.00000,CAN-SKIP-DATERANGES=YES,HOLD-BACK=12.00000,PART-HOLD-BACK=1.50000,CAN-BLOCK-RELOAD=YES
#EXT-X-PART-INF:PART-TARGET=0.50000
#EXT-X-DEFINE:NAME="host",VALUE="cdn.example.com"
#EXT-X-SKIP:SKIPPED-SEGMENTS=2,RECENTLY-REMOVED-DATERANGES="old-1	old-2"
#EXT-X-KEY:METHOD=AES-128,URI="https://cdn.example.com/key.bin",IV=0x1,KEYFORMAT="identity",KEYFORMATVERSIONS="1"
#EXT-X-MAP:URI="init.mp4",BYTERANGE="1000@0"
#EXT-X-PROGRAM-DATE-TIME:2026-03-18T00:00:00Z
#EXT-X-DATERANGE:ID="ad-1",START-DATE="2026-03-18T00:00:00Z",CLASS="ad",END-DATE="2026-03-18T00:00:04Z",DURATION=4.00000,PLANNED-DURATION=4.00000
#EXT-X-GAP
#EXT-X-BITRATE:900000
#EXT-X-PART:URI="https://cdn.example.com/segment-7.part0.m4s",DURATION=0.50000,INDEPENDENT=YES,BYTERANGE="200@0"
#EXT-X-PART:URI="https://cdn.example.com/segment-7.part1.m4s",DURATION=0.50000,GAP=YES
#EXT-X-BYTERANGE:1200@1000
#EXTINF:4.00000,segment-title
https://cdn.example.com/segment-7.m4s
#EXT-X-PRELOAD-HINT:TYPE=PART,URI="https://cdn.example.com/segment-8.part0.m4s",BYTERANGE-START=0,BYTERANGE-LENGTH=200
#EXT-X-RENDITION-REPORT:URI="low.m3u8",LAST-MSN=8,LAST-PART=1
